// Jest Snapshot v1, https://goo.gl/fbAQLP

exports[`should render ExpenseList with no expenses 1`] = `
<div>
  <p>
    No expenses exist.
  </p>
</div>
`;

exports[`shoule render ExpenseList with expenses 1`] = `
<div>
  <ExpenseListItem
    amount={1000}
    createdAt={0}
    description="rent"
    id="1"
    key="1"
    note=""
  />
  <ExpenseListItem
    amount={5000}
    createdAt={-259200000}
    description="coffee"
    id="2"
    key="2"
    note=""
  />
  <ExpenseListItem
    amount={3000}
    createdAt={259200000}
    description="dinner"
    id="3"
    key="3"
    note=""
  />
</div>
`;
